// Jest Snapshot v1, https://goo.gl/fbAQLP

exports[`should render ExpenseListItem correctly 1`] = `
<Fragment>
  <Link
    to="/edit/1"
  >
    <h3>
      description: 
      Gum
    </h3>
  </Link>
  <p>
    195
     - 
    0
  </p>
</Fragment>
`;
